// 同步 ID: c87f6886 @ Sun Jul  5 09:21:25 UTC 2026
// 同步 ID: aaacd959 @ Wed Jul  8 08:58:47 UTC 2026
// 重构日志: a9153a27
// 重构日志: 17e7c901
// 重构日志: 4afcdbbc
// 重构日志: 71ead5e4
// 重构日志: b6a13ae5
// 重构日志: c29a2e86
// 重构日志: 2bd261b9
// 重构日志: 16ebe394
// 重构日志: 03a6b0f4
// 同步 ID: b3c30653 @ Mon Jul 20 17:42:25 UTC 2026
// 同步 ID: 6b2c7798 @ Tue Jul 21 08:25:39 UTC 2026
// 重构日志: 73c037f1
// 重构日志: a24e7219
// 重构日志: e95ed69b
// 重构日志: 40d17d5d
// 同步 ID: f57a8aec @ Wed Jul 29 08:44:43 UTC 2026
// 重构日志: 9d00f91c
// 重构日志: 7d9c6031
// 重构日志: 998b127e
// 同步 ID: 8ac86b45 @ Sat Aug  1 11:20:43 UTC 2026
// 重构日志: 14a5f9da
// 重构日志: c3ba891d
